Coq.Logic.Classical_Prop.classic
Coq.Logic.Eqdep.Eq_rect_eq.eq_rect_eq
Coq.Logic.FunctionalExtensionality.functional_extensionality_dep
Coq.Logic.ProofIrrelevance.proof_irrelevance
Coq.Logic.PropExtensionality.propositional_extensionality
Coq.Reals.ClassicalDedekindReals.sig_forall_dec
Coq.Reals.ClassicalDedekindReals.sig_not_dec
Coq.Sets.Ensembles.Extensionality_Ensembles
VST.msl.Axioms.prop_ext
compcert.common.Events.external_functions_properties
compcert.common.Events.external_functions_sem
compcert.common.Events.inline_assembly_properties
compcert.common.Events.inline_assembly_sem
compcert.lib.Axioms.proof_irr
compcert.x86_64.Archi.win64
