C.jet_add16_layout.eval_add16_layout_matches_spec : ClassicalDedekindReals.sig_forall_dec, ClassicalDedekindReals.sig_not_dec, Classical_Prop.classic, Events.external_functions_sem, Events.inline_assembly_sem, FunctionalExtensionality.functional_extensionality_dep
C.jet_add16_wide_word.add16_values_denote_input : closed
C.jet_add32_layout.eval_add32_layout_matches_spec : ClassicalDedekindReals.sig_forall_dec, ClassicalDedekindReals.sig_not_dec, Classical_Prop.classic, Events.external_functions_sem, Events.inline_assembly_sem, FunctionalExtensionality.functional_extensionality_dep
C.jet_add32_wide_word.add32_values_denote_input : closed
C.jet_add64_layout.eval_add64_layout_matches_spec : ClassicalDedekindReals.sig_forall_dec, ClassicalDedekindReals.sig_not_dec, Classical_Prop.classic, Events.external_functions_sem, Events.inline_assembly_sem, FunctionalExtensionality.functional_extensionality_dep
C.jet_add64_wide_word.add64_values_denote_input : closed
C.jet_add8_layout.eval_add8_layout_matches_spec : ClassicalDedekindReals.sig_forall_dec, ClassicalDedekindReals.sig_not_dec, Classical_Prop.classic, Events.external_functions_sem, Events.inline_assembly_sem, FunctionalExtensionality.functional_extensionality_dep
C.jet_add8_word.add8_values_denote_spec : closed
C.jet_binary8_layout.and8_local_spec : ClassicalDedekindReals.sig_forall_dec, ClassicalDedekindReals.sig_not_dec, Classical_Prop.classic, Events.external_functions_sem, Events.inline_assembly_sem, FunctionalExtensionality.functional_extensionality_dep
C.jet_binary8_layout.binary8_context : ClassicalDedekindReals.sig_forall_dec, ClassicalDedekindReals.sig_not_dec, Classical_Prop.classic, Events.external_functions_sem, Events.inline_assembly_sem, FunctionalExtensionality.functional_extensionality_dep
C.jet_binary8_layout.binary8_context_guarantees : ClassicalDedekindReals.sig_forall_dec, ClassicalDedekindReals.sig_not_dec, Classical_Prop.classic, Events.external_functions_properties, Events.external_functions_sem, Events.inline_assembly_properties, Events.inline_assembly_sem, FunctionalExtensionality.functional_extensionality_dep
C.jet_binary8_layout.binary8_guarantees : ClassicalDedekindReals.sig_forall_dec, ClassicalDedekindReals.sig_not_dec, Classical_Prop.classic, Events.external_functions_properties, Events.external_functions_sem, Events.inline_assembly_properties, Events.inline_assembly_sem, FunctionalExtensionality.functional_extensionality_dep
C.jet_binary8_layout.binary8_local_spec : ClassicalDedekindReals.sig_forall_dec, ClassicalDedekindReals.sig_not_dec, Classical_Prop.classic, Events.external_functions_sem, Events.inline_assembly_sem, FunctionalExtensionality.functional_extensionality_dep
C.jet_binary8_layout.eval_binary8_layout_matches_spec : ClassicalDedekindReals.sig_forall_dec, ClassicalDedekindReals.sig_not_dec, Classical_Prop.classic, Events.external_functions_sem, Events.inline_assembly_sem, FunctionalExtensionality.functional_extensionality_dep
C.jet_binary8_layout.or8_local_spec : ClassicalDedekindReals.sig_forall_dec, ClassicalDedekindReals.sig_not_dec, Classical_Prop.classic, Events.external_functions_sem, Events.inline_assembly_sem, FunctionalExtensionality.functional_extensionality_dep
C.jet_binary8_layout.xor8_local_spec : ClassicalDedekindReals.sig_forall_dec, ClassicalDedekindReals.sig_not_dec, Classical_Prop.classic, Events.external_functions_sem, Events.inline_assembly_sem, FunctionalExtensionality.functional_extensionality_dep
C.jet_binary_spec.binary_int64_denotes : closed
C.jet_binary_spec.binary_int_denotes : closed
C.jet_binary_spec.binary_word_spec_parametric : closed
C.jet_binary_wide_layout.and16_local_spec : ClassicalDedekindReals.sig_forall_dec, ClassicalDedekindReals.sig_not_dec, Classical_Prop.classic, Events.external_functions_sem, Events.inline_assembly_sem, FunctionalExtensionality.functional_extensionality_dep
C.jet_binary_wide_layout.and32_local_spec : ClassicalDedekindReals.sig_forall_dec, ClassicalDedekindReals.sig_not_dec, Classical_Prop.classic, Events.external_functions_sem, Events.inline_assembly_sem, FunctionalExtensionality.functional_extensionality_dep
C.jet_binary_wide_layout.and64_local_spec : ClassicalDedekindReals.sig_forall_dec, ClassicalDedekindReals.sig_not_dec, Classical_Prop.classic, Events.external_functions_sem, Events.inline_assembly_sem, FunctionalExtensionality.functional_extensionality_dep
C.jet_binary_wide_layout.eval_wide_binary_layout_matches_spec : ClassicalDedekindReals.sig_forall_dec, ClassicalDedekindReals.sig_not_dec, Classical_Prop.classic, Events.external_functions_sem, Events.inline_assembly_sem, FunctionalExtensionality.functional_extensionality_dep
C.jet_binary_wide_layout.or16_local_spec : ClassicalDedekindReals.sig_forall_dec, ClassicalDedekindReals.sig_not_dec, Classical_Prop.classic, Events.external_functions_sem, Events.inline_assembly_sem, FunctionalExtensionality.functional_extensionality_dep
C.jet_binary_wide_layout.or32_local_spec : ClassicalDedekindReals.sig_forall_dec, ClassicalDedekindReals.sig_not_dec, Classical_Prop.classic, Events.external_functions_sem, Events.inline_assembly_sem, FunctionalExtensionality.functional_extensionality_dep
C.jet_binary_wide_layout.or64_local_spec : ClassicalDedekindReals.sig_forall_dec, ClassicalDedekindReals.sig_not_dec, Classical_Prop.classic, Events.external_functions_sem, Events.inline_assembly_sem, FunctionalExtensionality.functional_extensionality_dep
C.jet_binary_wide_layout.wide_binary_context : ClassicalDedekindReals.sig_forall_dec, ClassicalDedekindReals.sig_not_dec, Classical_Prop.classic, Events.external_functions_sem, Events.inline_assembly_sem, FunctionalExtensionality.functional_extensionality_dep
C.jet_binary_wide_layout.wide_binary_context_guarantees : ClassicalDedekindReals.sig_forall_dec, ClassicalDedekindReals.sig_not_dec, Classical_Prop.classic, Events.external_functions_properties, Events.external_functions_sem, Events.inline_assembly_properties, Events.inline_assembly_sem, FunctionalExtensionality.functional_extensionality_dep
C.jet_binary_wide_layout.wide_binary_guarantees : ClassicalDedekindReals.sig_forall_dec, ClassicalDedekindReals.sig_not_dec, Classical_Prop.classic, Events.external_functions_properties, Events.external_functions_sem, Events.inline_assembly_properties, Events.inline_assembly_sem, FunctionalExtensionality.functional_extensionality_dep
C.jet_binary_wide_layout.wide_binary_local_spec : ClassicalDedekindReals.sig_forall_dec, ClassicalDedekindReals.sig_not_dec, Classical_Prop.classic, Events.external_functions_sem, Events.inline_assembly_sem, FunctionalExtensionality.functional_extensionality_dep
C.jet_binary_wide_layout.xor16_local_spec : ClassicalDedekindReals.sig_forall_dec, ClassicalDedekindReals.sig_not_dec, Classical_Prop.classic, Events.external_functions_sem, Events.inline_assembly_sem, FunctionalExtensionality.functional_extensionality_dep
C.jet_binary_wide_layout.xor32_local_spec : ClassicalDedekindReals.sig_forall_dec, ClassicalDedekindReals.sig_not_dec, Classical_Prop.classic, Events.external_functions_sem, Events.inline_assembly_sem, FunctionalExtensionality.functional_extensionality_dep
C.jet_binary_wide_layout.xor64_local_spec : ClassicalDedekindReals.sig_forall_dec, ClassicalDedekindReals.sig_not_dec, Classical_Prop.classic, Events.external_functions_sem, Events.inline_assembly_sem, FunctionalExtensionality.functional_extensionality_dep
C.jet_bitmachine_rep.bm_rep_after_write : ClassicalDedekindReals.sig_forall_dec, ClassicalDedekindReals.sig_not_dec, Classical_Prop.classic, FunctionalExtensionality.functional_extensionality_dep
C.jet_canonical.add16_context : ClassicalDedekindReals.sig_forall_dec, ClassicalDedekindReals.sig_not_dec, Classical_Prop.classic, Events.external_functions_sem, Events.inline_assembly_sem, FunctionalExtensionality.functional_extensionality_dep
C.jet_canonical.add16_local_spec : ClassicalDedekindReals.sig_forall_dec, ClassicalDedekindReals.sig_not_dec, Classical_Prop.classic, Events.external_functions_sem, Events.inline_assembly_sem, FunctionalExtensionality.functional_extensionality_dep
C.jet_canonical.add32_context : ClassicalDedekindReals.sig_forall_dec, ClassicalDedekindReals.sig_not_dec, Classical_Prop.classic, Events.external_functions_sem, Events.inline_assembly_sem, FunctionalExtensionality.functional_extensionality_dep
C.jet_canonical.add32_local_spec : ClassicalDedekindReals.sig_forall_dec, ClassicalDedekindReals.sig_not_dec, Classical_Prop.classic, Events.external_functions_sem, Events.inline_assembly_sem, FunctionalExtensionality.functional_extensionality_dep
C.jet_canonical.add64_context : ClassicalDedekindReals.sig_forall_dec, ClassicalDedekindReals.sig_not_dec, Classical_Prop.classic, Events.external_functions_sem, Events.inline_assembly_sem, FunctionalExtensionality.functional_extensionality_dep
C.jet_canonical.add64_local_spec : ClassicalDedekindReals.sig_forall_dec, ClassicalDedekindReals.sig_not_dec, Classical_Prop.classic, Events.external_functions_sem, Events.inline_assembly_sem, FunctionalExtensionality.functional_extensionality_dep
C.jet_canonical.add8_context : ClassicalDedekindReals.sig_forall_dec, ClassicalDedekindReals.sig_not_dec, Classical_Prop.classic, Events.external_functions_sem, Events.inline_assembly_sem, FunctionalExtensionality.functional_extensionality_dep
C.jet_canonical.add8_local_spec : ClassicalDedekindReals.sig_forall_dec, ClassicalDedekindReals.sig_not_dec, Classical_Prop.classic, Events.external_functions_sem, Events.inline_assembly_sem, FunctionalExtensionality.functional_extensionality_dep
C.jet_canonical.increment16_context : ClassicalDedekindReals.sig_forall_dec, ClassicalDedekindReals.sig_not_dec, Classical_Prop.classic, Events.external_functions_sem, Events.inline_assembly_sem, FunctionalExtensionality.functional_extensionality_dep
C.jet_canonical.increment16_local_spec : ClassicalDedekindReals.sig_forall_dec, ClassicalDedekindReals.sig_not_dec, Classical_Prop.classic, Events.external_functions_sem, Events.inline_assembly_sem, FunctionalExtensionality.functional_extensionality_dep
C.jet_canonical.increment32_context : ClassicalDedekindReals.sig_forall_dec, ClassicalDedekindReals.sig_not_dec, Classical_Prop.classic, Events.external_functions_sem, Events.inline_assembly_sem, FunctionalExtensionality.functional_extensionality_dep
C.jet_canonical.increment32_local_spec : ClassicalDedekindReals.sig_forall_dec, ClassicalDedekindReals.sig_not_dec, Classical_Prop.classic, Events.external_functions_sem, Events.inline_assembly_sem, FunctionalExtensionality.functional_extensionality_dep
C.jet_canonical.increment64_context : ClassicalDedekindReals.sig_forall_dec, ClassicalDedekindReals.sig_not_dec, Classical_Prop.classic, Events.external_functions_sem, Events.inline_assembly_sem, FunctionalExtensionality.functional_extensionality_dep
C.jet_canonical.increment64_local_spec : ClassicalDedekindReals.sig_forall_dec, ClassicalDedekindReals.sig_not_dec, Classical_Prop.classic, Events.external_functions_sem, Events.inline_assembly_sem, FunctionalExtensionality.functional_extensionality_dep
C.jet_canonical.increment8_context : ClassicalDedekindReals.sig_forall_dec, ClassicalDedekindReals.sig_not_dec, Classical_Prop.classic, Events.external_functions_sem, Events.inline_assembly_sem, FunctionalExtensionality.functional_extensionality_dep
C.jet_canonical.increment8_local_spec : ClassicalDedekindReals.sig_forall_dec, ClassicalDedekindReals.sig_not_dec, Classical_Prop.classic, Events.external_functions_sem, Events.inline_assembly_sem, FunctionalExtensionality.functional_extensionality_dep
C.jet_canonical.one16_context : ClassicalDedekindReals.sig_forall_dec, ClassicalDedekindReals.sig_not_dec, Classical_Prop.classic, Events.external_functions_sem, Events.inline_assembly_sem, FunctionalExtensionality.functional_extensionality_dep
C.jet_canonical.one16_local_spec : ClassicalDedekindReals.sig_forall_dec, ClassicalDedekindReals.sig_not_dec, Classical_Prop.classic, Events.external_functions_sem, Events.inline_assembly_sem, FunctionalExtensionality.functional_extensionality_dep
C.jet_canonical.one32_context : ClassicalDedekindReals.sig_forall_dec, ClassicalDedekindReals.sig_not_dec, Classical_Prop.classic, Events.external_functions_sem, Events.inline_assembly_sem, FunctionalExtensionality.functional_extensionality_dep
C.jet_canonical.one32_local_spec : ClassicalDedekindReals.sig_forall_dec, ClassicalDedekindReals.sig_not_dec, Classical_Prop.classic, Events.external_functions_sem, Events.inline_assembly_sem, FunctionalExtensionality.functional_extensionality_dep
C.jet_canonical.one64_context : ClassicalDedekindReals.sig_forall_dec, ClassicalDedekindReals.sig_not_dec, Classical_Prop.classic, Events.external_functions_sem, Events.inline_assembly_sem, FunctionalExtensionality.functional_extensionality_dep
C.jet_canonical.one64_local_spec : ClassicalDedekindReals.sig_forall_dec, ClassicalDedekindReals.sig_not_dec, Classical_Prop.classic, Events.external_functions_sem, Events.inline_assembly_sem, FunctionalExtensionality.functional_extensionality_dep
C.jet_canonical.one8_context : ClassicalDedekindReals.sig_forall_dec, ClassicalDedekindReals.sig_not_dec, Classical_Prop.classic, Events.external_functions_sem, Events.inline_assembly_sem, FunctionalExtensionality.functional_extensionality_dep
C.jet_canonical.one8_local_spec : ClassicalDedekindReals.sig_forall_dec, ClassicalDedekindReals.sig_not_dec, Classical_Prop.classic, Events.external_functions_sem, Events.inline_assembly_sem, FunctionalExtensionality.functional_extensionality_dep
C.jet_clight_determinism.eval_funcall_Kstop_terminates : ClassicalDedekindReals.sig_forall_dec, ClassicalDedekindReals.sig_not_dec, Classical_Prop.classic, Events.external_functions_properties, Events.external_functions_sem, Events.inline_assembly_properties, Events.inline_assembly_sem, FunctionalExtensionality.functional_extensionality_dep
C.jet_clight_determinism.eval_funcall_call_boundary : ClassicalDedekindReals.sig_forall_dec, ClassicalDedekindReals.sig_not_dec, Classical_Prop.classic, Events.external_functions_properties, Events.external_functions_sem, Events.inline_assembly_properties, Events.inline_assembly_sem, FunctionalExtensionality.functional_extensionality_dep
C.jet_clight_determinism.eval_funcall_silent_guarantees : ClassicalDedekindReals.sig_forall_dec, ClassicalDedekindReals.sig_not_dec, Classical_Prop.classic, Events.external_functions_properties, Events.external_functions_sem, Events.inline_assembly_properties, Events.inline_assembly_sem, FunctionalExtensionality.functional_extensionality_dep
C.jet_clight_determinism.eval_funcall_unique : ClassicalDedekindReals.sig_forall_dec, ClassicalDedekindReals.sig_not_dec, Classical_Prop.classic, Events.external_functions_properties, Events.external_functions_sem, Events.inline_assembly_properties, Events.inline_assembly_sem, FunctionalExtensionality.functional_extensionality_dep
C.jet_clight_determinism.step2_determ : ClassicalDedekindReals.sig_forall_dec, ClassicalDedekindReals.sig_not_dec, Classical_Prop.classic, Events.external_functions_properties, Events.external_functions_sem, Events.inline_assembly_properties, Events.inline_assembly_sem, FunctionalExtensionality.functional_extensionality_dep
C.jet_complement1_layout.complement1_context : ClassicalDedekindReals.sig_forall_dec, ClassicalDedekindReals.sig_not_dec, Classical_Prop.classic, Events.external_functions_sem, Events.inline_assembly_sem, FunctionalExtensionality.functional_extensionality_dep
C.jet_complement1_layout.complement1_context_guarantees : ClassicalDedekindReals.sig_forall_dec, ClassicalDedekindReals.sig_not_dec, Classical_Prop.classic, Events.external_functions_properties, Events.external_functions_sem, Events.inline_assembly_properties, Events.inline_assembly_sem, FunctionalExtensionality.functional_extensionality_dep
C.jet_complement1_layout.complement1_guarantees : ClassicalDedekindReals.sig_forall_dec, ClassicalDedekindReals.sig_not_dec, Classical_Prop.classic, Events.external_functions_properties, Events.external_functions_sem, Events.inline_assembly_properties, Events.inline_assembly_sem, FunctionalExtensionality.functional_extensionality_dep
C.jet_complement1_layout.complement1_local_spec : ClassicalDedekindReals.sig_forall_dec, ClassicalDedekindReals.sig_not_dec, Classical_Prop.classic, Events.external_functions_sem, Events.inline_assembly_sem, FunctionalExtensionality.functional_extensionality_dep
C.jet_complement1_layout.eval_complement1_layout_matches_spec : ClassicalDedekindReals.sig_forall_dec, ClassicalDedekindReals.sig_not_dec, Classical_Prop.classic, Events.external_functions_sem, Events.inline_assembly_sem, FunctionalExtensionality.functional_extensionality_dep
C.jet_complement8_layout.complement8_context : ClassicalDedekindReals.sig_forall_dec, ClassicalDedekindReals.sig_not_dec, Classical_Prop.classic, Events.external_functions_sem, Events.inline_assembly_sem, FunctionalExtensionality.functional_extensionality_dep
C.jet_complement8_layout.complement8_context_guarantees : ClassicalDedekindReals.sig_forall_dec, ClassicalDedekindReals.sig_not_dec, Classical_Prop.classic, Events.external_functions_properties, Events.external_functions_sem, Events.inline_assembly_properties, Events.inline_assembly_sem, FunctionalExtensionality.functional_extensionality_dep
C.jet_complement8_layout.complement8_guarantees : ClassicalDedekindReals.sig_forall_dec, ClassicalDedekindReals.sig_not_dec, Classical_Prop.classic, Events.external_functions_properties, Events.external_functions_sem, Events.inline_assembly_properties, Events.inline_assembly_sem, FunctionalExtensionality.functional_extensionality_dep
C.jet_complement8_layout.complement8_local_spec : ClassicalDedekindReals.sig_forall_dec, ClassicalDedekindReals.sig_not_dec, Classical_Prop.classic, Events.external_functions_sem, Events.inline_assembly_sem, FunctionalExtensionality.functional_extensionality_dep
C.jet_complement8_layout.eval_complement8_layout_matches_spec : ClassicalDedekindReals.sig_forall_dec, ClassicalDedekindReals.sig_not_dec, Classical_Prop.classic, Events.external_functions_sem, Events.inline_assembly_sem, FunctionalExtensionality.functional_extensionality_dep
C.jet_complement_spec.complement_int64_denotes : closed
C.jet_complement_spec.complement_int_denotes : closed
C.jet_complement_spec.complement_spec_parametric : closed
C.jet_complement_wide_layout.complement16_local_spec : ClassicalDedekindReals.sig_forall_dec, ClassicalDedekindReals.sig_not_dec, Classical_Prop.classic, Events.external_functions_sem, Events.inline_assembly_sem, FunctionalExtensionality.functional_extensionality_dep
C.jet_complement_wide_layout.complement32_local_spec : ClassicalDedekindReals.sig_forall_dec, ClassicalDedekindReals.sig_not_dec, Classical_Prop.classic, Events.external_functions_sem, Events.inline_assembly_sem, FunctionalExtensionality.functional_extensionality_dep
C.jet_complement_wide_layout.complement64_local_spec : ClassicalDedekindReals.sig_forall_dec, ClassicalDedekindReals.sig_not_dec, Classical_Prop.classic, Events.external_functions_sem, Events.inline_assembly_sem, FunctionalExtensionality.functional_extensionality_dep
C.jet_complement_wide_layout.eval_wide_complement_layout_matches_spec : ClassicalDedekindReals.sig_forall_dec, ClassicalDedekindReals.sig_not_dec, Classical_Prop.classic, Events.external_functions_sem, Events.inline_assembly_sem, FunctionalExtensionality.functional_extensionality_dep
C.jet_complement_wide_layout.wide_complement_context : ClassicalDedekindReals.sig_forall_dec, ClassicalDedekindReals.sig_not_dec, Classical_Prop.classic, Events.external_functions_sem, Events.inline_assembly_sem, FunctionalExtensionality.functional_extensionality_dep
C.jet_complement_wide_layout.wide_complement_context_guarantees : ClassicalDedekindReals.sig_forall_dec, ClassicalDedekindReals.sig_not_dec, Classical_Prop.classic, Events.external_functions_properties, Events.external_functions_sem, Events.inline_assembly_properties, Events.inline_assembly_sem, FunctionalExtensionality.functional_extensionality_dep
C.jet_complement_wide_layout.wide_complement_guarantees : ClassicalDedekindReals.sig_forall_dec, ClassicalDedekindReals.sig_not_dec, Classical_Prop.classic, Events.external_functions_properties, Events.external_functions_sem, Events.inline_assembly_properties, Events.inline_assembly_sem, FunctionalExtensionality.functional_extensionality_dep
C.jet_complement_wide_layout.wide_complement_local_spec : ClassicalDedekindReals.sig_forall_dec, ClassicalDedekindReals.sig_not_dec, Classical_Prop.classic, Events.external_functions_sem, Events.inline_assembly_sem, FunctionalExtensionality.functional_extensionality_dep
C.jet_constant.constant_spec_parametric : closed
C.jet_constant_layout.constant_context : ClassicalDedekindReals.sig_forall_dec, ClassicalDedekindReals.sig_not_dec, Classical_Prop.classic, Events.external_functions_sem, Events.inline_assembly_sem, FunctionalExtensionality.functional_extensionality_dep
C.jet_constant_layout.constant_context_guarantees : ClassicalDedekindReals.sig_forall_dec, ClassicalDedekindReals.sig_not_dec, Classical_Prop.classic, Events.external_functions_properties, Events.external_functions_sem, Events.inline_assembly_properties, Events.inline_assembly_sem, FunctionalExtensionality.functional_extensionality_dep
C.jet_constant_layout.constant_guarantees : ClassicalDedekindReals.sig_forall_dec, ClassicalDedekindReals.sig_not_dec, Classical_Prop.classic, Events.external_functions_properties, Events.external_functions_sem, Events.inline_assembly_properties, Events.inline_assembly_sem, FunctionalExtensionality.functional_extensionality_dep
C.jet_constant_layout.constant_local_spec : ClassicalDedekindReals.sig_forall_dec, ClassicalDedekindReals.sig_not_dec, Classical_Prop.classic, Events.external_functions_sem, Events.inline_assembly_sem, FunctionalExtensionality.functional_extensionality_dep
C.jet_constant_layout.eval_constant_layout_matches_spec : ClassicalDedekindReals.sig_forall_dec, ClassicalDedekindReals.sig_not_dec, Classical_Prop.classic, Events.external_functions_sem, Events.inline_assembly_sem, FunctionalExtensionality.functional_extensionality_dep
C.jet_constant_layout.high16_local_spec : ClassicalDedekindReals.sig_forall_dec, ClassicalDedekindReals.sig_not_dec, Classical_Prop.classic, Events.external_functions_sem, Events.inline_assembly_sem, FunctionalExtensionality.functional_extensionality_dep
C.jet_constant_layout.high1_local_spec : ClassicalDedekindReals.sig_forall_dec, ClassicalDedekindReals.sig_not_dec, Classical_Prop.classic, Events.external_functions_sem, Events.inline_assembly_sem, FunctionalExtensionality.functional_extensionality_dep
C.jet_constant_layout.high32_local_spec : ClassicalDedekindReals.sig_forall_dec, ClassicalDedekindReals.sig_not_dec, Classical_Prop.classic, Events.external_functions_sem, Events.inline_assembly_sem, FunctionalExtensionality.functional_extensionality_dep
C.jet_constant_layout.high64_local_spec : ClassicalDedekindReals.sig_forall_dec, ClassicalDedekindReals.sig_not_dec, Classical_Prop.classic, Events.external_functions_sem, Events.inline_assembly_sem, FunctionalExtensionality.functional_extensionality_dep
C.jet_constant_layout.high8_local_spec : ClassicalDedekindReals.sig_forall_dec, ClassicalDedekindReals.sig_not_dec, Classical_Prop.classic, Events.external_functions_sem, Events.inline_assembly_sem, FunctionalExtensionality.functional_extensionality_dep
C.jet_constant_layout.low16_local_spec : ClassicalDedekindReals.sig_forall_dec, ClassicalDedekindReals.sig_not_dec, Classical_Prop.classic, Events.external_functions_sem, Events.inline_assembly_sem, FunctionalExtensionality.functional_extensionality_dep
C.jet_constant_layout.low1_local_spec : ClassicalDedekindReals.sig_forall_dec, ClassicalDedekindReals.sig_not_dec, Classical_Prop.classic, Events.external_functions_sem, Events.inline_assembly_sem, FunctionalExtensionality.functional_extensionality_dep
C.jet_constant_layout.low32_local_spec : ClassicalDedekindReals.sig_forall_dec, ClassicalDedekindReals.sig_not_dec, Classical_Prop.classic, Events.external_functions_sem, Events.inline_assembly_sem, FunctionalExtensionality.functional_extensionality_dep
C.jet_constant_layout.low64_local_spec : ClassicalDedekindReals.sig_forall_dec, ClassicalDedekindReals.sig_not_dec, Classical_Prop.classic, Events.external_functions_sem, Events.inline_assembly_sem, FunctionalExtensionality.functional_extensionality_dep
C.jet_constant_layout.low8_local_spec : ClassicalDedekindReals.sig_forall_dec, ClassicalDedekindReals.sig_not_dec, Classical_Prop.classic, Events.external_functions_sem, Events.inline_assembly_sem, FunctionalExtensionality.functional_extensionality_dep
C.jet_context.gap_buffer_separated : closed
C.jet_context.jet_context : ClassicalDedekindReals.sig_forall_dec, ClassicalDedekindReals.sig_not_dec, Classical_Prop.classic, Events.external_functions_sem, Events.inline_assembly_sem, FunctionalExtensionality.functional_extensionality_dep
C.jet_encoding.byte_input_pair_encode : ClassicalDedekindReals.sig_forall_dec, ClassicalDedekindReals.sig_not_dec, Classical_Prop.classic, FunctionalExtensionality.functional_extensionality_dep
C.jet_encoding.byte_input_single_encode : ClassicalDedekindReals.sig_forall_dec, ClassicalDedekindReals.sig_not_dec, Classical_Prop.classic, FunctionalExtensionality.functional_extensionality_dep
C.jet_encoding.byte_output_at_encode : ClassicalDedekindReals.sig_forall_dec, ClassicalDedekindReals.sig_not_dec, Classical_Prop.classic, FunctionalExtensionality.functional_extensionality_dep
C.jet_encoding.byte_slice_at_encode : ClassicalDedekindReals.sig_forall_dec, ClassicalDedekindReals.sig_not_dec, Classical_Prop.classic, FunctionalExtensionality.functional_extensionality_dep
C.jet_encoding.carry_byte_output_encode : ClassicalDedekindReals.sig_forall_dec, ClassicalDedekindReals.sig_not_dec, Classical_Prop.classic, FunctionalExtensionality.functional_extensionality_dep
C.jet_encoding.carry_wide_output_encode : ClassicalDedekindReals.sig_forall_dec, ClassicalDedekindReals.sig_not_dec, Classical_Prop.classic, FunctionalExtensionality.functional_extensionality_dep
C.jet_encoding.encode_word : closed
C.jet_encoding.frame_input_word_at_encode : ClassicalDedekindReals.sig_forall_dec, ClassicalDedekindReals.sig_not_dec, Classical_Prop.classic, FunctionalExtensionality.functional_extensionality_dep
C.jet_encoding.frame_input_word_pair_encode : ClassicalDedekindReals.sig_forall_dec, ClassicalDedekindReals.sig_not_dec, Classical_Prop.classic, FunctionalExtensionality.functional_extensionality_dep
C.jet_encoding.slice_word_output_encode : ClassicalDedekindReals.sig_forall_dec, ClassicalDedekindReals.sig_not_dec, Classical_Prop.classic, FunctionalExtensionality.functional_extensionality_dep
C.jet_encoding.wide_output_at_encode : ClassicalDedekindReals.sig_forall_dec, ClassicalDedekindReals.sig_not_dec, Classical_Prop.classic, FunctionalExtensionality.functional_extensionality_dep
C.jet_guarantees.add16_context_guarantees : ClassicalDedekindReals.sig_forall_dec, ClassicalDedekindReals.sig_not_dec, Classical_Prop.classic, Events.external_functions_properties, Events.external_functions_sem, Events.inline_assembly_properties, Events.inline_assembly_sem, FunctionalExtensionality.functional_extensionality_dep
C.jet_guarantees.add16_guarantees : ClassicalDedekindReals.sig_forall_dec, ClassicalDedekindReals.sig_not_dec, Classical_Prop.classic, Events.external_functions_properties, Events.external_functions_sem, Events.inline_assembly_properties, Events.inline_assembly_sem, FunctionalExtensionality.functional_extensionality_dep
C.jet_guarantees.add32_context_guarantees : ClassicalDedekindReals.sig_forall_dec, ClassicalDedekindReals.sig_not_dec, Classical_Prop.classic, Events.external_functions_properties, Events.external_functions_sem, Events.inline_assembly_properties, Events.inline_assembly_sem, FunctionalExtensionality.functional_extensionality_dep
C.jet_guarantees.add32_guarantees : ClassicalDedekindReals.sig_forall_dec, ClassicalDedekindReals.sig_not_dec, Classical_Prop.classic, Events.external_functions_properties, Events.external_functions_sem, Events.inline_assembly_properties, Events.inline_assembly_sem, FunctionalExtensionality.functional_extensionality_dep
C.jet_guarantees.add64_context_guarantees : ClassicalDedekindReals.sig_forall_dec, ClassicalDedekindReals.sig_not_dec, Classical_Prop.classic, Events.external_functions_properties, Events.external_functions_sem, Events.inline_assembly_properties, Events.inline_assembly_sem, FunctionalExtensionality.functional_extensionality_dep
C.jet_guarantees.add64_guarantees : ClassicalDedekindReals.sig_forall_dec, ClassicalDedekindReals.sig_not_dec, Classical_Prop.classic, Events.external_functions_properties, Events.external_functions_sem, Events.inline_assembly_properties, Events.inline_assembly_sem, FunctionalExtensionality.functional_extensionality_dep
C.jet_guarantees.add8_context_guarantees : ClassicalDedekindReals.sig_forall_dec, ClassicalDedekindReals.sig_not_dec, Classical_Prop.classic, Events.external_functions_properties, Events.external_functions_sem, Events.inline_assembly_properties, Events.inline_assembly_sem, FunctionalExtensionality.functional_extensionality_dep
C.jet_guarantees.add8_guarantees : ClassicalDedekindReals.sig_forall_dec, ClassicalDedekindReals.sig_not_dec, Classical_Prop.classic, Events.external_functions_properties, Events.external_functions_sem, Events.inline_assembly_properties, Events.inline_assembly_sem, FunctionalExtensionality.functional_extensionality_dep
C.jet_guarantees.increment16_context_guarantees : ClassicalDedekindReals.sig_forall_dec, ClassicalDedekindReals.sig_not_dec, Classical_Prop.classic, Events.external_functions_properties, Events.external_functions_sem, Events.inline_assembly_properties, Events.inline_assembly_sem, FunctionalExtensionality.functional_extensionality_dep
C.jet_guarantees.increment16_guarantees : ClassicalDedekindReals.sig_forall_dec, ClassicalDedekindReals.sig_not_dec, Classical_Prop.classic, Events.external_functions_properties, Events.external_functions_sem, Events.inline_assembly_properties, Events.inline_assembly_sem, FunctionalExtensionality.functional_extensionality_dep
C.jet_guarantees.increment32_context_guarantees : ClassicalDedekindReals.sig_forall_dec, ClassicalDedekindReals.sig_not_dec, Classical_Prop.classic, Events.external_functions_properties, Events.external_functions_sem, Events.inline_assembly_properties, Events.inline_assembly_sem, FunctionalExtensionality.functional_extensionality_dep
C.jet_guarantees.increment32_guarantees : ClassicalDedekindReals.sig_forall_dec, ClassicalDedekindReals.sig_not_dec, Classical_Prop.classic, Events.external_functions_properties, Events.external_functions_sem, Events.inline_assembly_properties, Events.inline_assembly_sem, FunctionalExtensionality.functional_extensionality_dep
C.jet_guarantees.increment64_context_guarantees : ClassicalDedekindReals.sig_forall_dec, ClassicalDedekindReals.sig_not_dec, Classical_Prop.classic, Events.external_functions_properties, Events.external_functions_sem, Events.inline_assembly_properties, Events.inline_assembly_sem, FunctionalExtensionality.functional_extensionality_dep
C.jet_guarantees.increment64_guarantees : ClassicalDedekindReals.sig_forall_dec, ClassicalDedekindReals.sig_not_dec, Classical_Prop.classic, Events.external_functions_properties, Events.external_functions_sem, Events.inline_assembly_properties, Events.inline_assembly_sem, FunctionalExtensionality.functional_extensionality_dep
C.jet_guarantees.increment8_context_guarantees : ClassicalDedekindReals.sig_forall_dec, ClassicalDedekindReals.sig_not_dec, Classical_Prop.classic, Events.external_functions_properties, Events.external_functions_sem, Events.inline_assembly_properties, Events.inline_assembly_sem, FunctionalExtensionality.functional_extensionality_dep
C.jet_guarantees.increment8_guarantees : ClassicalDedekindReals.sig_forall_dec, ClassicalDedekindReals.sig_not_dec, Classical_Prop.classic, Events.external_functions_properties, Events.external_functions_sem, Events.inline_assembly_properties, Events.inline_assembly_sem, FunctionalExtensionality.functional_extensionality_dep
C.jet_guarantees.jet_context_guarantees : ClassicalDedekindReals.sig_forall_dec, ClassicalDedekindReals.sig_not_dec, Classical_Prop.classic, Events.external_functions_properties, Events.external_functions_sem, Events.inline_assembly_properties, Events.inline_assembly_sem, FunctionalExtensionality.functional_extensionality_dep
C.jet_guarantees.jet_local_spec_guarantees : ClassicalDedekindReals.sig_forall_dec, ClassicalDedekindReals.sig_not_dec, Classical_Prop.classic, Events.external_functions_properties, Events.external_functions_sem, Events.inline_assembly_properties, Events.inline_assembly_sem, FunctionalExtensionality.functional_extensionality_dep
C.jet_guarantees.one16_context_guarantees : ClassicalDedekindReals.sig_forall_dec, ClassicalDedekindReals.sig_not_dec, Classical_Prop.classic, Events.external_functions_properties, Events.external_functions_sem, Events.inline_assembly_properties, Events.inline_assembly_sem, FunctionalExtensionality.functional_extensionality_dep
C.jet_guarantees.one16_guarantees : ClassicalDedekindReals.sig_forall_dec, ClassicalDedekindReals.sig_not_dec, Classical_Prop.classic, Events.external_functions_properties, Events.external_functions_sem, Events.inline_assembly_properties, Events.inline_assembly_sem, FunctionalExtensionality.functional_extensionality_dep
C.jet_guarantees.one32_context_guarantees : ClassicalDedekindReals.sig_forall_dec, ClassicalDedekindReals.sig_not_dec, Classical_Prop.classic, Events.external_functions_properties, Events.external_functions_sem, Events.inline_assembly_properties, Events.inline_assembly_sem, FunctionalExtensionality.functional_extensionality_dep
C.jet_guarantees.one32_guarantees : ClassicalDedekindReals.sig_forall_dec, ClassicalDedekindReals.sig_not_dec, Classical_Prop.classic, Events.external_functions_properties, Events.external_functions_sem, Events.inline_assembly_properties, Events.inline_assembly_sem, FunctionalExtensionality.functional_extensionality_dep
C.jet_guarantees.one64_context_guarantees : ClassicalDedekindReals.sig_forall_dec, ClassicalDedekindReals.sig_not_dec, Classical_Prop.classic, Events.external_functions_properties, Events.external_functions_sem, Events.inline_assembly_properties, Events.inline_assembly_sem, FunctionalExtensionality.functional_extensionality_dep
C.jet_guarantees.one64_guarantees : ClassicalDedekindReals.sig_forall_dec, ClassicalDedekindReals.sig_not_dec, Classical_Prop.classic, Events.external_functions_properties, Events.external_functions_sem, Events.inline_assembly_properties, Events.inline_assembly_sem, FunctionalExtensionality.functional_extensionality_dep
C.jet_guarantees.one8_context_guarantees : ClassicalDedekindReals.sig_forall_dec, ClassicalDedekindReals.sig_not_dec, Classical_Prop.classic, Events.external_functions_properties, Events.external_functions_sem, Events.inline_assembly_properties, Events.inline_assembly_sem, FunctionalExtensionality.functional_extensionality_dep
C.jet_guarantees.one8_guarantees : ClassicalDedekindReals.sig_forall_dec, ClassicalDedekindReals.sig_not_dec, Classical_Prop.classic, Events.external_functions_properties, Events.external_functions_sem, Events.inline_assembly_properties, Events.inline_assembly_sem, FunctionalExtensionality.functional_extensionality_dep
C.jet_increment16_layout.eval_increment16_layout_matches_spec : ClassicalDedekindReals.sig_forall_dec, ClassicalDedekindReals.sig_not_dec, Classical_Prop.classic, Events.external_functions_sem, Events.inline_assembly_sem, FunctionalExtensionality.functional_extensionality_dep
C.jet_increment32_layout.eval_increment32_layout_matches_spec : ClassicalDedekindReals.sig_forall_dec, ClassicalDedekindReals.sig_not_dec, Classical_Prop.classic, Events.external_functions_sem, Events.inline_assembly_sem, FunctionalExtensionality.functional_extensionality_dep
C.jet_increment32_wide_word.increment32_values_denote_input : closed
C.jet_increment64_layout.eval_increment64_layout_matches_spec : ClassicalDedekindReals.sig_forall_dec, ClassicalDedekindReals.sig_not_dec, Classical_Prop.classic, Events.external_functions_sem, Events.inline_assembly_sem, FunctionalExtensionality.functional_extensionality_dep
C.jet_increment64_wide_word.increment64_values_denote_input : closed
C.jet_increment8_layout.eval_increment8_layout_matches_spec : ClassicalDedekindReals.sig_forall_dec, ClassicalDedekindReals.sig_not_dec, Classical_Prop.classic, Events.external_functions_sem, Events.inline_assembly_sem, FunctionalExtensionality.functional_extensionality_dep
C.jet_increment8_spec.increment8_output_denotes_spec : closed
C.jet_increment_wide_word.increment16_values_denote_input : closed
C.jet_layout_witness.increment64_layout_witness : ClassicalDedekindReals.sig_forall_dec, ClassicalDedekindReals.sig_not_dec, Classical_Prop.classic, FunctionalExtensionality.functional_extensionality_dep
C.jet_layout_witness.increment64_layout_witness_context : ClassicalDedekindReals.sig_forall_dec, ClassicalDedekindReals.sig_not_dec, Classical_Prop.classic, Events.external_functions_sem, Events.inline_assembly_sem, FunctionalExtensionality.functional_extensionality_dep
C.jet_one8_layout.eval_one8_layout_matches_spec : ClassicalDedekindReals.sig_forall_dec, ClassicalDedekindReals.sig_not_dec, Classical_Prop.classic, Events.external_functions_sem, Events.inline_assembly_sem, FunctionalExtensionality.functional_extensionality_dep
C.jet_one_wide_layout.eval_one_wide_layout_matches_spec : ClassicalDedekindReals.sig_forall_dec, ClassicalDedekindReals.sig_not_dec, Classical_Prop.classic, Events.external_functions_sem, Events.inline_assembly_sem, FunctionalExtensionality.functional_extensionality_dep
C.jet_readBit_layout.eval_readBit_layout : ClassicalDedekindReals.sig_forall_dec, ClassicalDedekindReals.sig_not_dec, Classical_Prop.classic, Events.external_functions_sem, Events.inline_assembly_sem, FunctionalExtensionality.functional_extensionality_dep
C.jet_readBit_layout.peekBit_extract : closed
